// Jest Snapshot v1, https://goo.gl/fbAQLP

exports[`renders without crashing 1`] = `
Object {
  "asFragment": [Function],
  "baseElement": <body>
    <div>
      <div
        class="panel"
      >
        <table>
          <thead>
            <tr
              class="result row"
            >
              <td
                colspan="4"
              />
            </tr>
          </thead>
          <tbody>
            <tr
              class="row"
            >
              <td>
                <button
                  name="AC"
                  type="button"
                >
                  AC
                </button>
              </td>
              <td>
                <button
                  name="+/-"
                  type="button"
                >
                  +/-
                </button>
              </td>
              <td>
                <button
                  name="%"
                  type="button"
                >
                  %
                </button>
              </td>
              <td
                class="orange"
              >
                <button
                  name="รท"
                  type="button"
                >
                  รท
                </button>
              </td>
            </tr>
            <tr
              class="row"
            >
              <td>
                <button
                  name="9"
                  type="button"
                >
                  9
                </button>
              </td>
              <td>
                <button
                  name="8"
                  type="button"
                >
                  8
                </button>
              </td>
              <td>
                <button
                  name="7"
                  type="button"
                >
                  7
                </button>
              </td>
              <td
                class="orange"
              >
                <button
                  name="x"
                  type="button"
                >
                  x
                </button>
              </td>
            </tr>
            <tr
              class="row"
            >
              <td>
                <button
                  name="6"
                  type="button"
                >
                  6
                </button>
              </td>
              <td>
                <button
                  name="5"
                  type="button"
                >
                  5
                </button>
              </td>
              <td>
                <button
                  name="4"
                  type="button"
                >
                  4
                </button>
              </td>
              <td
                class="orange"
              >
                <button
                  name="-"
                  type="button"
                >
                  -
                </button>
              </td>
            </tr>
            <tr
              class="row"
            >
              <td>
                <button
                  name="3"
                  type="button"
                >
                  3
                </button>
              </td>
              <td>
                <button
                  name="2"
                  type="button"
                >
                  2
                </button>
              </td>
              <td>
                <button
                  name="1"
                  type="button"
                >
                  1
                </button>
              </td>
              <td
                class="orange"
              >
                <button
                  name="+"
                  type="button"
                >
                  +
                </button>
              </td>
            </tr>
            <tr
              class="row"
            >
              <td
                colspan="2"
              >
                <button
                  name="0"
                  type="button"
                >
                  0
                </button>
              </td>
              <td>
                <button
                  name="."
                  type="button"
                >
                  .
                </button>
              </td>
              <td
                class="orange"
              >
                <button
                  name="="
                  type="button"
                >
                  =
                </button>
              </td>
            </tr>
          </tbody>
        </table>
      </div>
    </div>
  </body>,
  "container": <div>
    <div
      class="panel"
    >
      <table>
        <thead>
          <tr
            class="result row"
          >
            <td
              colspan="4"
            />
          </tr>
        </thead>
        <tbody>
          <tr
            class="row"
          >
            <td>
              <button
                name="AC"
                type="button"
              >
                AC
              </button>
            </td>
            <td>
              <button
                name="+/-"
                type="button"
              >
                +/-
              </button>
            </td>
            <td>
              <button
                name="%"
                type="button"
              >
                %
              </button>
            </td>
            <td
              class="orange"
            >
              <button
                name="รท"
                type="button"
              >
                รท
              </button>
            </td>
          </tr>
          <tr
            class="row"
          >
            <td>
              <button
                name="9"
                type="button"
              >
                9
              </button>
            </td>
            <td>
              <button
                name="8"
                type="button"
              >
                8
              </button>
            </td>
            <td>
              <button
                name="7"
                type="button"
              >
                7
              </button>
            </td>
            <td
              class="orange"
            >
              <button
                name="x"
                type="button"
              >
                x
              </button>
            </td>
          </tr>
          <tr
            class="row"
          >
            <td>
              <button
                name="6"
                type="button"
              >
                6
              </button>
            </td>
            <td>
              <button
                name="5"
                type="button"
              >
                5
              </button>
            </td>
            <td>
              <button
                name="4"
                type="button"
              >
                4
              </button>
            </td>
            <td
              class="orange"
            >
              <button
                name="-"
                type="button"
              >
                -
              </button>
            </td>
          </tr>
          <tr
            class="row"
          >
            <td>
              <button
                name="3"
                type="button"
              >
                3
              </button>
            </td>
            <td>
              <button
                name="2"
                type="button"
              >
                2
              </button>
            </td>
            <td>
              <button
                name="1"
                type="button"
              >
                1
              </button>
            </td>
            <td
              class="orange"
            >
              <button
                name="+"
                type="button"
              >
                +
              </button>
            </td>
          </tr>
          <tr
            class="row"
          >
            <td
              colspan="2"
            >
              <button
                name="0"
                type="button"
              >
                0
              </button>
            </td>
            <td>
              <button
                name="."
                type="button"
              >
                .
              </button>
            </td>
            <td
              class="orange"
            >
              <button
                name="="
                type="button"
              >
                =
              </button>
            </td>
          </tr>
        </tbody>
      </table>
    </div>
  </div>,
  "debug": [Function],
  "findAllByAltText": [Function],
  "findAllByDisplayValue": [Function],
  "findAllByLabelText": [Function],
  "findAllByPlaceholderText": [Function],
  "findAllByRole": [Function],
  "findAllByTestId": [Function],
  "findAllByText": [Function],
  "findAllByTitle": [Function],
  "findByAltText": [Function],
  "findByDisplayValue": [Function],
  "findByLabelText": [Function],
  "findByPlaceholderText": [Function],
  "findByRole": [Function],
  "findByTestId": [Function],
  "findByText": [Function],
  "findByTitle": [Function],
  "getAllByAltText": [Function],
  "getAllByDisplayValue": [Function],
  "getAllByLabelText": [Function],
  "getAllByPlaceholderText": [Function],
  "getAllByRole": [Function],
  "getAllByTestId": [Function],
  "getAllByText": [Function],
  "getAllByTitle": [Function],
  "getByAltText": [Function],
  "getByDisplayValue": [Function],
  "getByLabelText": [Function],
  "getByPlaceholderText": [Function],
  "getByRole": [Function],
  "getByTestId": [Function],
  "getByText": [Function],
  "getByTitle": [Function],
  "queryAllByAltText": [Function],
  "queryAllByDisplayValue": [Function],
  "queryAllByLabelText": [Function],
  "queryAllByPlaceholderText": [Function],
  "queryAllByRole": [Function],
  "queryAllByTestId": [Function],
  "queryAllByText": [Function],
  "queryAllByTitle": [Function],
  "queryByAltText": [Function],
  "queryByDisplayValue": [Function],
  "queryByLabelText": [Function],
  "queryByPlaceholderText": [Function],
  "queryByRole": [Function],
  "queryByTestId": [Function],
  "queryByText": [Function],
  "queryByTitle": [Function],
  "rerender": [Function],
  "unmount": [Function],
}
`;
